------------------------------------------------------------
Timing Analyzer Summary
------------------------------------------------------------

Type  : Slow 1100mV 85C Model Setup 'ClkDivisor:divisor|clk25Mhz'
Slack : -19.016
TNS   : -4518.634

Type  : Slow 1100mV 85C Model Setup 'clk'
Slack : -16.915
TNS   : -130126.921

Type  : Slow 1100mV 85C Model Setup 'VGA:vga|ClkDivisor:VGAClkDivisor|clk25Mhz'
Slack : -3.015
TNS   : -107.788

Type  : Slow 1100mV 85C Model Hold 'clk'
Slack : 0.375
TNS   : 0.000

Type  : Slow 1100mV 85C Model Hold 'VGA:vga|ClkDivisor:VGAClkDivisor|clk25Mhz'
Slack : 0.853
TNS   : 0.000

Type  : Slow 1100mV 85C Model Hold 'ClkDivisor:divisor|clk25Mhz'
Slack : 1.052
TNS   : 0.000

Type  : Slow 1100mV 85C Model Minimum Pulse Width 'clk'
Slack : -2.636
TNS   : -33801.231

Type  : Slow 1100mV 85C Model Minimum Pulse Width 'VGA:vga|ClkDivisor:VGAClkDivisor|clk25Mhz'
Slack : -2.225
TNS   : -53.851

Type  : Slow 1100mV 85C Model Minimum Pulse Width 'ClkDivisor:divisor|clk25Mhz'
Slack : -0.443
TNS   : -178.696

Type  : Slow 1100mV 0C Model Setup 'ClkDivisor:divisor|clk25Mhz'
Slack : -18.806
TNS   : -4462.889

Type  : Slow 1100mV 0C Model Setup 'clk'
Slack : -16.449
TNS   : -125580.257

Type  : Slow 1100mV 0C Model Setup 'VGA:vga|ClkDivisor:VGAClkDivisor|clk25Mhz'
Slack : -3.024
TNS   : -104.362

Type  : Slow 1100mV 0C Model Hold 'clk'
Slack : 0.373
TNS   : 0.000

Type  : Slow 1100mV 0C Model Hold 'VGA:vga|ClkDivisor:VGAClkDivisor|clk25Mhz'
Slack : 0.775
TNS   : 0.000

Type  : Slow 1100mV 0C Model Hold 'ClkDivisor:divisor|clk25Mhz'
Slack : 1.027
TNS   : 0.000

Type  : Slow 1100mV 0C Model Minimum Pulse Width 'clk'
Slack : -2.636
TNS   : -33793.876

Type  : Slow 1100mV 0C Model Minimum Pulse Width 'VGA:vga|ClkDivisor:VGAClkDivisor|clk25Mhz'
Slack : -2.225
TNS   : -53.869

Type  : Slow 1100mV 0C Model Minimum Pulse Width 'ClkDivisor:divisor|clk25Mhz'
Slack : -0.401
TNS   : -166.769

Type  : Fast 1100mV 85C Model Setup 'ClkDivisor:divisor|clk25Mhz'
Slack : -10.964
TNS   : -2616.049

Type  : Fast 1100mV 85C Model Setup 'clk'
Slack : -9.784
TNS   : -76729.268

Type  : Fast 1100mV 85C Model Setup 'VGA:vga|ClkDivisor:VGAClkDivisor|clk25Mhz'
Slack : -1.488
TNS   : -50.056

Type  : Fast 1100mV 85C Model Hold 'clk'
Slack : 0.165
TNS   : 0.000

Type  : Fast 1100mV 85C Model Hold 'VGA:vga|ClkDivisor:VGAClkDivisor|clk25Mhz'
Slack : 0.393
TNS   : 0.000

Type  : Fast 1100mV 85C Model Hold 'ClkDivisor:divisor|clk25Mhz'
Slack : 0.523
TNS   : 0.000

Type  : Fast 1100mV 85C Model Minimum Pulse Width 'clk'
Slack : -2.636
TNS   : -33425.606

Type  : Fast 1100mV 85C Model Minimum Pulse Width 'VGA:vga|ClkDivisor:VGAClkDivisor|clk25Mhz'
Slack : -1.702
TNS   : -32.338

Type  : Fast 1100mV 85C Model Minimum Pulse Width 'ClkDivisor:divisor|clk25Mhz'
Slack : -0.168
TNS   : -12.543

Type  : Fast 1100mV 0C Model Setup 'ClkDivisor:divisor|clk25Mhz'
Slack : -9.984
TNS   : -2373.447

Type  : Fast 1100mV 0C Model Setup 'clk'
Slack : -8.620
TNS   : -66729.069

Type  : Fast 1100mV 0C Model Setup 'VGA:vga|ClkDivisor:VGAClkDivisor|clk25Mhz'
Slack : -1.314
TNS   : -42.432

Type  : Fast 1100mV 0C Model Hold 'clk'
Slack : -0.011
TNS   : -0.014

Type  : Fast 1100mV 0C Model Hold 'VGA:vga|ClkDivisor:VGAClkDivisor|clk25Mhz'
Slack : 0.308
TNS   : 0.000

Type  : Fast 1100mV 0C Model Hold 'ClkDivisor:divisor|clk25Mhz'
Slack : 0.472
TNS   : 0.000

Type  : Fast 1100mV 0C Model Minimum Pulse Width 'clk'
Slack : -2.636
TNS   : -33462.104

Type  : Fast 1100mV 0C Model Minimum Pulse Width 'VGA:vga|ClkDivisor:VGAClkDivisor|clk25Mhz'
Slack : -1.702
TNS   : -32.338

Type  : Fast 1100mV 0C Model Minimum Pulse Width 'ClkDivisor:divisor|clk25Mhz'
Slack : -0.114
TNS   : -7.017

------------------------------------------------------------
