------------------------------------------------------------
Timing Analyzer Summary
------------------------------------------------------------

Type  : Slow 1100mV 85C Model Setup 'ClkDivisor:divisor|clk25Mhz'
Slack : -19.501
TNS   : -4614.589

Type  : Slow 1100mV 85C Model Setup 'clk'
Slack : -17.950
TNS   : -133818.002

Type  : Slow 1100mV 85C Model Setup 'VGA:vga|ClkDivisor:VGAClkDivisor|clk25Mhz'
Slack : -3.360
TNS   : -108.800

Type  : Slow 1100mV 85C Model Hold 'clk'
Slack : 0.374
TNS   : 0.000

Type  : Slow 1100mV 85C Model Hold 'VGA:vga|ClkDivisor:VGAClkDivisor|clk25Mhz'
Slack : 0.737
TNS   : 0.000

Type  : Slow 1100mV 85C Model Hold 'ClkDivisor:divisor|clk25Mhz'
Slack : 0.931
TNS   : 0.000

Type  : Slow 1100mV 85C Model Minimum Pulse Width 'clk'
Slack : -2.636
TNS   : -33805.765

Type  : Slow 1100mV 85C Model Minimum Pulse Width 'VGA:vga|ClkDivisor:VGAClkDivisor|clk25Mhz'
Slack : -2.225
TNS   : -54.014

Type  : Slow 1100mV 85C Model Minimum Pulse Width 'ClkDivisor:divisor|clk25Mhz'
Slack : -0.468
TNS   : -187.654

Type  : Slow 1100mV 0C Model Setup 'ClkDivisor:divisor|clk25Mhz'
Slack : -19.312
TNS   : -4544.517

Type  : Slow 1100mV 0C Model Setup 'clk'
Slack : -17.485
TNS   : -129593.504

Type  : Slow 1100mV 0C Model Setup 'VGA:vga|ClkDivisor:VGAClkDivisor|clk25Mhz'
Slack : -3.408
TNS   : -106.635

Type  : Slow 1100mV 0C Model Hold 'clk'
Slack : 0.392
TNS   : 0.000

Type  : Slow 1100mV 0C Model Hold 'VGA:vga|ClkDivisor:VGAClkDivisor|clk25Mhz'
Slack : 0.642
TNS   : 0.000

Type  : Slow 1100mV 0C Model Hold 'ClkDivisor:divisor|clk25Mhz'
Slack : 0.919
TNS   : 0.000

Type  : Slow 1100mV 0C Model Minimum Pulse Width 'clk'
Slack : -2.636
TNS   : -33793.367

Type  : Slow 1100mV 0C Model Minimum Pulse Width 'VGA:vga|ClkDivisor:VGAClkDivisor|clk25Mhz'
Slack : -2.225
TNS   : -54.029

Type  : Slow 1100mV 0C Model Minimum Pulse Width 'ClkDivisor:divisor|clk25Mhz'
Slack : -0.434
TNS   : -173.130

Type  : Fast 1100mV 85C Model Setup 'ClkDivisor:divisor|clk25Mhz'
Slack : -11.420
TNS   : -2680.269

Type  : Fast 1100mV 85C Model Setup 'clk'
Slack : -10.433
TNS   : -78552.329

Type  : Fast 1100mV 85C Model Setup 'VGA:vga|ClkDivisor:VGAClkDivisor|clk25Mhz'
Slack : -1.743
TNS   : -53.864

Type  : Fast 1100mV 85C Model Hold 'clk'
Slack : 0.182
TNS   : 0.000

Type  : Fast 1100mV 85C Model Hold 'VGA:vga|ClkDivisor:VGAClkDivisor|clk25Mhz'
Slack : 0.353
TNS   : 0.000

Type  : Fast 1100mV 85C Model Hold 'ClkDivisor:divisor|clk25Mhz'
Slack : 0.440
TNS   : 0.000

Type  : Fast 1100mV 85C Model Minimum Pulse Width 'clk'
Slack : -2.636
TNS   : -33426.854

Type  : Fast 1100mV 85C Model Minimum Pulse Width 'VGA:vga|ClkDivisor:VGAClkDivisor|clk25Mhz'
Slack : -1.702
TNS   : -32.338

Type  : Fast 1100mV 85C Model Minimum Pulse Width 'ClkDivisor:divisor|clk25Mhz'
Slack : -0.193
TNS   : -20.545

Type  : Fast 1100mV 0C Model Setup 'ClkDivisor:divisor|clk25Mhz'
Slack : -10.362
TNS   : -2427.881

Type  : Fast 1100mV 0C Model Setup 'clk'
Slack : -9.210
TNS   : -68536.118

Type  : Fast 1100mV 0C Model Setup 'VGA:vga|ClkDivisor:VGAClkDivisor|clk25Mhz'
Slack : -1.555
TNS   : -46.296

Type  : Fast 1100mV 0C Model Hold 'clk'
Slack : -0.028
TNS   : -0.104

Type  : Fast 1100mV 0C Model Hold 'VGA:vga|ClkDivisor:VGAClkDivisor|clk25Mhz'
Slack : 0.270
TNS   : 0.000

Type  : Fast 1100mV 0C Model Hold 'ClkDivisor:divisor|clk25Mhz'
Slack : 0.399
TNS   : 0.000

Type  : Fast 1100mV 0C Model Minimum Pulse Width 'clk'
Slack : -2.636
TNS   : -33462.672

Type  : Fast 1100mV 0C Model Minimum Pulse Width 'VGA:vga|ClkDivisor:VGAClkDivisor|clk25Mhz'
Slack : -1.702
TNS   : -32.338

Type  : Fast 1100mV 0C Model Minimum Pulse Width 'ClkDivisor:divisor|clk25Mhz'
Slack : -0.141
TNS   : -12.869

------------------------------------------------------------
