Analysis & Elaboration report for ArquiProject
Wed Sep 18 01:02:51 2019
Quartus Prime Version 18.1.0 Build 625 09/12/2018 SJ Lite Edition


---------------------
; Table of Contents ;
---------------------
  1. Legal Notice
  2. Analysis & Elaboration Summary
  3. Parallel Compilation
  4. Parameter Settings for User Entity Instance: multiplier:DUT
  5. Analysis & Elaboration Settings
  6. Port Connectivity Checks: "multiplier:DUT"
  7. Analysis & Elaboration Messages
  8. Analysis & Elaboration Suppressed Messages



----------------
; Legal Notice ;
----------------
Copyright (C) 2018  Intel Corporation. All rights reserved.
Your use of Intel Corporation's design tools, logic functions 
and other software and tools, and its AMPP partner logic 
functions, and any output files from any of the foregoing 
(including device programming or simulation files), and any 
associated documentation or information are expressly subject 
to the terms and conditions of the Intel Program License 
Subscription Agreement, the Intel Quartus Prime License Agreement,
the Intel FPGA IP License Agreement, or other applicable license
agreement, including, without limitation, that your use is for
the sole purpose of programming logic devices manufactured by
Intel and sold by Intel or its authorized distributors.  Please
refer to the applicable agreement for further details.



+-----------------------------------------------------------------------------+
; Analysis & Elaboration Summary                                              ;
+-------------------------------+---------------------------------------------+
; Analysis & Elaboration Status ; Successful - Wed Sep 18 01:02:51 2019       ;
; Quartus Prime Version         ; 18.1.0 Build 625 09/12/2018 SJ Lite Edition ;
; Revision Name                 ; ArquiProject                                ;
; Top-level Entity Name         ; test                                        ;
; Family                        ; Cyclone V                                   ;
; Logic utilization (in ALMs)   ; N/A until Partition Merge                   ;
; Total registers               ; N/A until Partition Merge                   ;
; Total pins                    ; N/A until Partition Merge                   ;
; Total virtual pins            ; N/A until Partition Merge                   ;
; Total block memory bits       ; N/A until Partition Merge                   ;
; Total PLLs                    ; N/A until Partition Merge                   ;
; Total DLLs                    ; N/A until Partition Merge                   ;
+-------------------------------+---------------------------------------------+


+------------------------------------------+
; Parallel Compilation                     ;
+----------------------------+-------------+
; Processors                 ; Number      ;
+----------------------------+-------------+
; Number detected on machine ; 4           ;
; Maximum allowed            ; 4           ;
;                            ;             ;
; Average used               ; 1.00        ;
; Maximum used               ; 1           ;
;                            ;             ;
; Usage by Processor         ; % Time Used ;
;     Processor 1            ; 100.0%      ;
+----------------------------+-------------+


+-------------------------------------------------------------+
; Parameter Settings for User Entity Instance: multiplier:DUT ;
+----------------+-------+------------------------------------+
; Parameter Name ; Value ; Type                               ;
+----------------+-------+------------------------------------+
; N              ; 8     ; Signed Integer                     ;
+----------------+-------+------------------------------------+
Note: In order to hide this table in the UI and the text report file, please set the "Show Parameter Settings in Synthesis Report" option in "Analysis and Synthesis Settings -> More Settings" to "Off".


+---------------------------------------------------------------------------------------------------------------------------+
; Analysis & Elaboration Settings                                                                                           ;
+---------------------------------------------------------------------------------+--------------------+--------------------+
; Option                                                                          ; Setting            ; Default Value      ;
+---------------------------------------------------------------------------------+--------------------+--------------------+
; Device                                                                          ; 5CSEMA5F31C6       ;                    ;
; Top-level entity name                                                           ; test               ; ArquiProject       ;
; Family name                                                                     ; Cyclone V          ; Cyclone V          ;
; Use smart compilation                                                           ; Off                ; Off                ;
; Enable parallel Assembler and Timing Analyzer during compilation                ; On                 ; On                 ;
; Enable compact report table                                                     ; Off                ; Off                ;
; Restructure Multiplexers                                                        ; Auto               ; Auto               ;
; MLAB Add Timing Constraints For Mixed-Port Feed-Through Mode Setting Don't Care ; Off                ; Off                ;
; Create Debugging Nodes for IP Cores                                             ; Off                ; Off                ;
; Preserve fewer node names                                                       ; On                 ; On                 ;
; Intel FPGA IP Evaluation Mode                                                   ; Enable             ; Enable             ;
; Verilog Version                                                                 ; Verilog_2001       ; Verilog_2001       ;
; VHDL Version                                                                    ; VHDL_1993          ; VHDL_1993          ;
; State Machine Processing                                                        ; Auto               ; Auto               ;
; Safe State Machine                                                              ; Off                ; Off                ;
; Extract Verilog State Machines                                                  ; On                 ; On                 ;
; Extract VHDL State Machines                                                     ; On                 ; On                 ;
; Ignore Verilog initial constructs                                               ; Off                ; Off                ;
; Iteration limit for constant Verilog loops                                      ; 5000               ; 5000               ;
; Iteration limit for non-constant Verilog loops                                  ; 250                ; 250                ;
; Add Pass-Through Logic to Inferred RAMs                                         ; On                 ; On                 ;
; Infer RAMs from Raw Logic                                                       ; On                 ; On                 ;
; Parallel Synthesis                                                              ; On                 ; On                 ;
; DSP Block Balancing                                                             ; Auto               ; Auto               ;
; NOT Gate Push-Back                                                              ; On                 ; On                 ;
; Power-Up Don't Care                                                             ; On                 ; On                 ;
; Remove Redundant Logic Cells                                                    ; Off                ; Off                ;
; Remove Duplicate Registers                                                      ; On                 ; On                 ;
; Ignore CARRY Buffers                                                            ; Off                ; Off                ;
; Ignore CASCADE Buffers                                                          ; Off                ; Off                ;
; Ignore GLOBAL Buffers                                                           ; Off                ; Off                ;
; Ignore ROW GLOBAL Buffers                                                       ; Off                ; Off                ;
; Ignore LCELL Buffers                                                            ; Off                ; Off                ;
; Ignore SOFT Buffers                                                             ; On                 ; On                 ;
; Limit AHDL Integers to 32 Bits                                                  ; Off                ; Off                ;
; Optimization Technique                                                          ; Balanced           ; Balanced           ;
; Carry Chain Length                                                              ; 70                 ; 70                 ;
; Auto Carry Chains                                                               ; On                 ; On                 ;
; Auto Open-Drain Pins                                                            ; On                 ; On                 ;
; Perform WYSIWYG Primitive Resynthesis                                           ; Off                ; Off                ;
; Auto ROM Replacement                                                            ; On                 ; On                 ;
; Auto RAM Replacement                                                            ; On                 ; On                 ;
; Auto DSP Block Replacement                                                      ; On                 ; On                 ;
; Auto Shift Register Replacement                                                 ; Auto               ; Auto               ;
; Allow Shift Register Merging across Hierarchies                                 ; Auto               ; Auto               ;
; Auto Clock Enable Replacement                                                   ; On                 ; On                 ;
; Strict RAM Replacement                                                          ; Off                ; Off                ;
; Allow Synchronous Control Signals                                               ; On                 ; On                 ;
; Force Use of Synchronous Clear Signals                                          ; Off                ; Off                ;
; Auto Resource Sharing                                                           ; Off                ; Off                ;
; Allow Any RAM Size For Recognition                                              ; Off                ; Off                ;
; Allow Any ROM Size For Recognition                                              ; Off                ; Off                ;
; Allow Any Shift Register Size For Recognition                                   ; Off                ; Off                ;
; Use LogicLock Constraints during Resource Balancing                             ; On                 ; On                 ;
; Ignore translate_off and synthesis_off directives                               ; Off                ; Off                ;
; Timing-Driven Synthesis                                                         ; On                 ; On                 ;
; Report Parameter Settings                                                       ; On                 ; On                 ;
; Report Source Assignments                                                       ; On                 ; On                 ;
; Report Connectivity Checks                                                      ; On                 ; On                 ;
; Ignore Maximum Fan-Out Assignments                                              ; Off                ; Off                ;
; Synchronization Register Chain Length                                           ; 3                  ; 3                  ;
; Power Optimization During Synthesis                                             ; Normal compilation ; Normal compilation ;
; HDL message level                                                               ; Level2             ; Level2             ;
; Suppress Register Optimization Related Messages                                 ; Off                ; Off                ;
; Number of Removed Registers Reported in Synthesis Report                        ; 5000               ; 5000               ;
; Number of Swept Nodes Reported in Synthesis Report                              ; 5000               ; 5000               ;
; Number of Inverted Registers Reported in Synthesis Report                       ; 100                ; 100                ;
; Clock MUX Protection                                                            ; On                 ; On                 ;
; Auto Gated Clock Conversion                                                     ; Off                ; Off                ;
; Block Design Naming                                                             ; Auto               ; Auto               ;
; SDC constraint protection                                                       ; Off                ; Off                ;
; Synthesis Effort                                                                ; Auto               ; Auto               ;
; Shift Register Replacement - Allow Asynchronous Clear Signal                    ; On                 ; On                 ;
; Pre-Mapping Resynthesis Optimization                                            ; Off                ; Off                ;
; Analysis & Synthesis Message Level                                              ; Medium             ; Medium             ;
; Disable Register Merging Across Hierarchies                                     ; Auto               ; Auto               ;
; Resource Aware Inference For Block RAM                                          ; On                 ; On                 ;
; Automatic Parallel Synthesis                                                    ; On                 ; On                 ;
; Partial Reconfiguration Bitstream ID                                            ; Off                ; Off                ;
+---------------------------------------------------------------------------------+--------------------+--------------------+


+----------------------------------------------------------------------------------------------------------------+
; Port Connectivity Checks: "multiplier:DUT"                                                                     ;
+------+--------+----------+-------------------------------------------------------------------------------------+
; Port ; Type   ; Severity ; Details                                                                             ;
+------+--------+----------+-------------------------------------------------------------------------------------+
; s    ; Output ; Info     ; Connected to dangling logic. Logic that only feeds a dangling port will be removed. ;
; cout ; Output ; Info     ; Connected to dangling logic. Logic that only feeds a dangling port will be removed. ;
+------+--------+----------+-------------------------------------------------------------------------------------+


+---------------------------------+
; Analysis & Elaboration Messages ;
+---------------------------------+
Info: *******************************************************************
Info: Running Quartus Prime Analysis & Elaboration
    Info: Version 18.1.0 Build 625 09/12/2018 SJ Lite Edition
    Info: Processing started: Wed Sep 18 01:02:42 2019
Info: Command: quartus_map --read_settings_files=on --write_settings_files=off ArquiProject -c ArquiProject --analysis_and_elaboration
Warning (18236): Number of processors has not been specified which may cause overloading on shared machines.  Set the global assignment NUM_PARALLEL_PROCESSORS in your QSF to an appropriate value for best performance.
Info (20030): Parallel compilation is enabled and will use 4 of the 4 processors detected
Info (12021): Found 1 design units, including 1 entities, in source file src/top.sv
    Info (12023): Found entity 1: top File: D:/uGit/Arquitectura-de-Computadores-1/Proyecto1/ProcesadorUniciclo/src/top.sv Line: 1
Info (12021): Found 1 design units, including 1 entities, in source file src/io/io_deco.sv
    Info (12023): Found entity 1: io_deco File: D:/uGit/Arquitectura-de-Computadores-1/Proyecto1/ProcesadorUniciclo/src/IO/io_deco.sv Line: 1
Info (12021): Found 1 design units, including 1 entities, in source file src/memories/ram2/ram2.v
    Info (12023): Found entity 1: RAM2 File: D:/uGit/Arquitectura-de-Computadores-1/Proyecto1/ProcesadorUniciclo/src/Memories/RAM2/RAM2.v Line: 39
Info (12021): Found 1 design units, including 1 entities, in source file src/memories/ram1/ram.v
    Info (12023): Found entity 1: RAM File: D:/uGit/Arquitectura-de-Computadores-1/Proyecto1/ProcesadorUniciclo/src/Memories/RAM1/RAM.v Line: 39
Info (12021): Found 1 design units, including 1 entities, in source file src/vga/vga.sv
    Info (12023): Found entity 1: VGA File: D:/uGit/Arquitectura-de-Computadores-1/Proyecto1/ProcesadorUniciclo/src/VGA/VGA.sv Line: 1
Info (12021): Found 1 design units, including 1 entities, in source file src/vga/frequencydividers/clkdivisor.sv
    Info (12023): Found entity 1: ClkDivisor File: D:/uGit/Arquitectura-de-Computadores-1/Proyecto1/ProcesadorUniciclo/src/VGA/FrequencyDividers/ClkDivisor.sv Line: 1
Info (12021): Found 1 design units, including 1 entities, in source file src/vga/controller/controllersync.sv
    Info (12023): Found entity 1: ControllerSync File: D:/uGit/Arquitectura-de-Computadores-1/Proyecto1/ProcesadorUniciclo/src/VGA/Controller/ControllerSync.sv Line: 1
Info (12021): Found 1 design units, including 1 entities, in source file src/processor/extendunit/extend.sv
    Info (12023): Found entity 1: extend File: D:/uGit/Arquitectura-de-Computadores-1/Proyecto1/ProcesadorUniciclo/src/Processor/ExtendUnit/extend.sv Line: 1
Info (12021): Found 1 design units, including 1 entities, in source file src/processor/registerfile/register_file.sv
    Info (12023): Found entity 1: register_file File: D:/uGit/Arquitectura-de-Computadores-1/Proyecto1/ProcesadorUniciclo/src/Processor/RegisterFile/register_file.sv Line: 1
Info (12021): Found 1 design units, including 1 entities, in source file src/processor/alu/multiplier.sv
    Info (12023): Found entity 1: multiplier File: D:/uGit/Arquitectura-de-Computadores-1/Proyecto1/ProcesadorUniciclo/src/Processor/ALU/multiplier.sv Line: 1
Info (12021): Found 1 design units, including 1 entities, in source file src/processor/alu/full_adder.sv
    Info (12023): Found entity 1: full_adder File: D:/uGit/Arquitectura-de-Computadores-1/Proyecto1/ProcesadorUniciclo/src/Processor/ALU/full_adder.sv Line: 1
Info (12021): Found 1 design units, including 1 entities, in source file src/processor/alu/flag_module.sv
    Info (12023): Found entity 1: flag_module File: D:/uGit/Arquitectura-de-Computadores-1/Proyecto1/ProcesadorUniciclo/src/Processor/ALU/flag_module.sv Line: 1
Info (12021): Found 1 design units, including 1 entities, in source file src/processor/alu/arithmetic_module.sv
    Info (12023): Found entity 1: arithmetic_module File: D:/uGit/Arquitectura-de-Computadores-1/Proyecto1/ProcesadorUniciclo/src/Processor/ALU/arithmetic_module.sv Line: 1
Info (12021): Found 1 design units, including 1 entities, in source file src/processor/alu/alu_test.sv
    Info (12023): Found entity 1: alu_test File: D:/uGit/Arquitectura-de-Computadores-1/Proyecto1/ProcesadorUniciclo/src/Processor/ALU/alu_test.sv Line: 1
Info (12021): Found 1 design units, including 1 entities, in source file src/processor/alu/alu.sv
    Info (12023): Found entity 1: ALU File: D:/uGit/Arquitectura-de-Computadores-1/Proyecto1/ProcesadorUniciclo/src/Processor/ALU/ALU.sv Line: 1
Info (12021): Found 1 design units, including 1 entities, in source file src/processor/alu/adder.sv
    Info (12023): Found entity 1: adder File: D:/uGit/Arquitectura-de-Computadores-1/Proyecto1/ProcesadorUniciclo/src/Processor/ALU/adder.sv Line: 1
Info (12021): Found 1 design units, including 1 entities, in source file src/processor/alu/add_sub_module.sv
    Info (12023): Found entity 1: add_sub_module File: D:/uGit/Arquitectura-de-Computadores-1/Proyecto1/ProcesadorUniciclo/src/Processor/ALU/add_sub_module.sv Line: 1
Info (12021): Found 1 design units, including 1 entities, in source file src/processor/data_path.sv
    Info (12023): Found entity 1: data_path File: D:/uGit/Arquitectura-de-Computadores-1/Proyecto1/ProcesadorUniciclo/src/Processor/data_path.sv Line: 1
Info (12021): Found 1 design units, including 1 entities, in source file src/memories/instruction_memory.sv
    Info (12023): Found entity 1: instruction_memory File: D:/uGit/Arquitectura-de-Computadores-1/Proyecto1/ProcesadorUniciclo/src/Memories/instruction_memory.sv Line: 1
Info (12021): Found 1 design units, including 1 entities, in source file src/memories/data_memory.sv
    Info (12023): Found entity 1: data_memory File: D:/uGit/Arquitectura-de-Computadores-1/Proyecto1/ProcesadorUniciclo/src/Memories/data_memory.sv Line: 1
Info (12021): Found 1 design units, including 1 entities, in source file src/generic_modules/mux_4_x_1.sv
    Info (12023): Found entity 1: mux_4_x_1 File: D:/uGit/Arquitectura-de-Computadores-1/Proyecto1/ProcesadorUniciclo/src/Generic_Modules/mux_4_x_1.sv Line: 1
Info (12021): Found 1 design units, including 1 entities, in source file src/generic_modules/mux_2_x_1.sv
    Info (12023): Found entity 1: mux_2_x_1 File: D:/uGit/Arquitectura-de-Computadores-1/Proyecto1/ProcesadorUniciclo/src/Generic_Modules/mux_2_x_1.sv Line: 1
Info (12021): Found 1 design units, including 1 entities, in source file src/generic_modules/flip_flop_d.sv
    Info (12023): Found entity 1: flip_flop_D File: D:/uGit/Arquitectura-de-Computadores-1/Proyecto1/ProcesadorUniciclo/src/Generic_Modules/flip_flop_D.sv Line: 1
Info (12021): Found 1 design units, including 1 entities, in source file src/generic_modules/generic_full_adder.sv
    Info (12023): Found entity 1: generic_full_adder File: D:/uGit/Arquitectura-de-Computadores-1/Proyecto1/ProcesadorUniciclo/src/Generic_Modules/generic_full_adder.sv Line: 1
Info (12021): Found 1 design units, including 1 entities, in source file src/generic_modules/generic_adder.sv
    Info (12023): Found entity 1: generic_adder File: D:/uGit/Arquitectura-de-Computadores-1/Proyecto1/ProcesadorUniciclo/src/Generic_Modules/generic_adder.sv Line: 1
Info (12021): Found 1 design units, including 1 entities, in source file src/processor/decodeunit/decode_unit.sv
    Info (12023): Found entity 1: decode_unit File: D:/uGit/Arquitectura-de-Computadores-1/Proyecto1/ProcesadorUniciclo/src/Processor/DecodeUnit/decode_unit.sv Line: 1
Info (12021): Found 1 design units, including 1 entities, in source file src/processor/conditionallogicunit/cond_check.sv
    Info (12023): Found entity 1: cond_check File: D:/uGit/Arquitectura-de-Computadores-1/Proyecto1/ProcesadorUniciclo/src/Processor/ConditionalLogicUnit/cond_check.sv Line: 1
Info (12021): Found 1 design units, including 1 entities, in source file src/processor/conditionallogicunit/cond_logic.sv
    Info (12023): Found entity 1: cond_logic File: D:/uGit/Arquitectura-de-Computadores-1/Proyecto1/ProcesadorUniciclo/src/Processor/ConditionalLogicUnit/cond_logic.sv Line: 1
Info (12021): Found 1 design units, including 1 entities, in source file src/generic_modules/flip_flop_d_neg.sv
    Info (12023): Found entity 1: flip_flop_D_neg File: D:/uGit/Arquitectura-de-Computadores-1/Proyecto1/ProcesadorUniciclo/src/Generic_Modules/flip_flop_D_neg.sv Line: 1
Info (12021): Found 1 design units, including 1 entities, in source file src/processor_memories.sv
    Info (12023): Found entity 1: processor_memories File: D:/uGit/Arquitectura-de-Computadores-1/Proyecto1/ProcesadorUniciclo/src/processor_memories.sv Line: 1
Info (12021): Found 1 design units, including 1 entities, in source file src/processor_test.sv
    Info (12023): Found entity 1: processor_test File: D:/uGit/Arquitectura-de-Computadores-1/Proyecto1/ProcesadorUniciclo/src/processor_test.sv Line: 2
Info (12021): Found 1 design units, including 1 entities, in source file src/test.sv
    Info (12023): Found entity 1: test File: D:/uGit/Arquitectura-de-Computadores-1/Proyecto1/ProcesadorUniciclo/src/test.sv Line: 1
Info (12021): Found 1 design units, including 1 entities, in source file src/memories/image_memory.sv
    Info (12023): Found entity 1: image_memory File: D:/uGit/Arquitectura-de-Computadores-1/Proyecto1/ProcesadorUniciclo/src/Memories/image_memory.sv Line: 1
Info (12021): Found 1 design units, including 1 entities, in source file src/vga/vga_mem_map.sv
    Info (12023): Found entity 1: vga_mem_map File: D:/uGit/Arquitectura-de-Computadores-1/Proyecto1/ProcesadorUniciclo/src/VGA/vga_mem_map.sv Line: 1
Info (12021): Found 1 design units, including 1 entities, in source file src/io/deco_buttons.sv
    Info (12023): Found entity 1: deco_buttons File: D:/uGit/Arquitectura-de-Computadores-1/Proyecto1/ProcesadorUniciclo/src/IO/deco_buttons.sv Line: 1
Info (12021): Found 1 design units, including 1 entities, in source file src/memories/offset_image_mem.sv
    Info (12023): Found entity 1: offset_image_mem File: D:/uGit/Arquitectura-de-Computadores-1/Proyecto1/ProcesadorUniciclo/src/Memories/offset_image_mem.sv Line: 1
Info (12021): Found 1 design units, including 1 entities, in source file src/top2.sv
    Info (12023): Found entity 1: top2 File: D:/uGit/Arquitectura-de-Computadores-1/Proyecto1/ProcesadorUniciclo/src/top2.sv Line: 1
Info (12021): Found 1 design units, including 1 entities, in source file src/io/io_deco2.sv
    Info (12023): Found entity 1: io_deco2 File: D:/uGit/Arquitectura-de-Computadores-1/Proyecto1/ProcesadorUniciclo/src/IO/io_deco2.sv Line: 1
Info (12021): Found 1 design units, including 1 entities, in source file src/memories/image_memory2.sv
    Info (12023): Found entity 1: image_memory2 File: D:/uGit/Arquitectura-de-Computadores-1/Proyecto1/ProcesadorUniciclo/src/Memories/image_memory2.sv Line: 1
Info (12021): Found 1 design units, including 1 entities, in source file src/memories/image_memory_controller.sv
    Info (12023): Found entity 1: image_memory_controller File: D:/uGit/Arquitectura-de-Computadores-1/Proyecto1/ProcesadorUniciclo/src/Memories/image_memory_controller.sv Line: 1
Info (12021): Found 1 design units, including 1 entities, in source file src/memories/image_memory_controller_process.sv
    Info (12023): Found entity 1: image_memory_controller_process File: D:/uGit/Arquitectura-de-Computadores-1/Proyecto1/ProcesadorUniciclo/src/Memories/image_memory_controller_process.sv Line: 1
Info (12021): Found 1 design units, including 1 entities, in source file src/memories/image_memory3.sv
    Info (12023): Found entity 1: image_memory3 File: D:/uGit/Arquitectura-de-Computadores-1/Proyecto1/ProcesadorUniciclo/src/Memories/image_memory3.sv Line: 1
Info (12021): Found 1 design units, including 1 entities, in source file src/vga/frequencydividers/debouncing.sv
    Info (12023): Found entity 1: debouncing File: D:/uGit/Arquitectura-de-Computadores-1/Proyecto1/ProcesadorUniciclo/src/VGA/FrequencyDividers/debouncing.sv Line: 1
Info (12127): Elaborating entity "test" for the top level hierarchy
Info (10648): Verilog HDL Display System Task info at test.sv(10): a = 01100100, b = 11111111, s = ........, cout = . File: D:/uGit/Arquitectura-de-Computadores-1/Proyecto1/ProcesadorUniciclo/src/test.sv Line: 10
Info (12128): Elaborating entity "multiplier" for hierarchy "multiplier:DUT" File: D:/uGit/Arquitectura-de-Computadores-1/Proyecto1/ProcesadorUniciclo/src/test.sv Line: 6
Info (144001): Generated suppressed messages file D:/uGit/Arquitectura-de-Computadores-1/Proyecto1/ProcesadorUniciclo/output_files/ArquiProject.map.smsg
Info: Quartus Prime Analysis & Elaboration was successful. 0 errors, 1 warning
    Info: Peak virtual memory: 4799 megabytes
    Info: Processing ended: Wed Sep 18 01:02:51 2019
    Info: Elapsed time: 00:00:09
    Info: Total CPU time (on all processors): 00:00:21


+--------------------------------------------+
; Analysis & Elaboration Suppressed Messages ;
+--------------------------------------------+
The suppressed messages can be found in D:/uGit/Arquitectura-de-Computadores-1/Proyecto1/ProcesadorUniciclo/output_files/ArquiProject.map.smsg.


