------------------------------------------------------------
Timing Analyzer Summary
------------------------------------------------------------

Type  : Slow 1100mV 85C Model Setup 'ClkDivisor:divisor|clk25Mhz'
Slack : -17.225
TNS   : -1672.232

Type  : Slow 1100mV 85C Model Setup 'clk'
Slack : -14.624
TNS   : -111296.955

Type  : Slow 1100mV 85C Model Setup 'VGA:vga|ClkDivisor:VGAClkDivisor|clk25Mhz'
Slack : -2.980
TNS   : -102.725

Type  : Slow 1100mV 85C Model Hold 'clk'
Slack : 0.375
TNS   : 0.000

Type  : Slow 1100mV 85C Model Hold 'VGA:vga|ClkDivisor:VGAClkDivisor|clk25Mhz'
Slack : 0.717
TNS   : 0.000

Type  : Slow 1100mV 85C Model Hold 'ClkDivisor:divisor|clk25Mhz'
Slack : 0.809
TNS   : 0.000

Type  : Slow 1100mV 85C Model Minimum Pulse Width 'clk'
Slack : -2.636
TNS   : -34244.868

Type  : Slow 1100mV 85C Model Minimum Pulse Width 'VGA:vga|ClkDivisor:VGAClkDivisor|clk25Mhz'
Slack : -2.225
TNS   : -56.752

Type  : Slow 1100mV 85C Model Minimum Pulse Width 'ClkDivisor:divisor|clk25Mhz'
Slack : -0.394
TNS   : -69.131

Type  : Slow 1100mV 0C Model Setup 'ClkDivisor:divisor|clk25Mhz'
Slack : -17.182
TNS   : -1647.148

Type  : Slow 1100mV 0C Model Setup 'clk'
Slack : -14.332
TNS   : -107049.177

Type  : Slow 1100mV 0C Model Setup 'VGA:vga|ClkDivisor:VGAClkDivisor|clk25Mhz'
Slack : -2.972
TNS   : -101.989

Type  : Slow 1100mV 0C Model Hold 'clk'
Slack : 0.390
TNS   : 0.000

Type  : Slow 1100mV 0C Model Hold 'VGA:vga|ClkDivisor:VGAClkDivisor|clk25Mhz'
Slack : 0.714
TNS   : 0.000

Type  : Slow 1100mV 0C Model Hold 'ClkDivisor:divisor|clk25Mhz'
Slack : 0.829
TNS   : 0.000

Type  : Slow 1100mV 0C Model Minimum Pulse Width 'clk'
Slack : -2.636
TNS   : -34326.508

Type  : Slow 1100mV 0C Model Minimum Pulse Width 'VGA:vga|ClkDivisor:VGAClkDivisor|clk25Mhz'
Slack : -2.225
TNS   : -56.687

Type  : Slow 1100mV 0C Model Minimum Pulse Width 'ClkDivisor:divisor|clk25Mhz'
Slack : -0.394
TNS   : -64.622

Type  : Fast 1100mV 85C Model Setup 'ClkDivisor:divisor|clk25Mhz'
Slack : -10.143
TNS   : -996.459

Type  : Fast 1100mV 85C Model Setup 'clk'
Slack : -8.529
TNS   : -67362.392

Type  : Fast 1100mV 85C Model Setup 'VGA:vga|ClkDivisor:VGAClkDivisor|clk25Mhz'
Slack : -1.378
TNS   : -43.856

Type  : Fast 1100mV 85C Model Hold 'clk'
Slack : 0.136
TNS   : 0.000

Type  : Fast 1100mV 85C Model Hold 'ClkDivisor:divisor|clk25Mhz'
Slack : 0.360
TNS   : 0.000

Type  : Fast 1100mV 85C Model Hold 'VGA:vga|ClkDivisor:VGAClkDivisor|clk25Mhz'
Slack : 0.366
TNS   : 0.000

Type  : Fast 1100mV 85C Model Minimum Pulse Width 'clk'
Slack : -2.636
TNS   : -33469.315

Type  : Fast 1100mV 85C Model Minimum Pulse Width 'VGA:vga|ClkDivisor:VGAClkDivisor|clk25Mhz'
Slack : -1.702
TNS   : -32.840

Type  : Fast 1100mV 85C Model Minimum Pulse Width 'ClkDivisor:divisor|clk25Mhz'
Slack : -0.096
TNS   : -1.735

Type  : Fast 1100mV 0C Model Setup 'ClkDivisor:divisor|clk25Mhz'
Slack : -9.154
TNS   : -891.971

Type  : Fast 1100mV 0C Model Setup 'clk'
Slack : -7.446
TNS   : -57551.009

Type  : Fast 1100mV 0C Model Setup 'VGA:vga|ClkDivisor:VGAClkDivisor|clk25Mhz'
Slack : -1.195
TNS   : -38.243

Type  : Fast 1100mV 0C Model Hold 'clk'
Slack : 0.007
TNS   : 0.000

Type  : Fast 1100mV 0C Model Hold 'VGA:vga|ClkDivisor:VGAClkDivisor|clk25Mhz'
Slack : 0.318
TNS   : 0.000

Type  : Fast 1100mV 0C Model Hold 'ClkDivisor:divisor|clk25Mhz'
Slack : 0.334
TNS   : 0.000

Type  : Fast 1100mV 0C Model Minimum Pulse Width 'clk'
Slack : -2.636
TNS   : -33525.633

Type  : Fast 1100mV 0C Model Minimum Pulse Width 'VGA:vga|ClkDivisor:VGAClkDivisor|clk25Mhz'
Slack : -1.702
TNS   : -32.338

Type  : Fast 1100mV 0C Model Minimum Pulse Width 'ClkDivisor:divisor|clk25Mhz'
Slack : -0.048
TNS   : -0.629

------------------------------------------------------------
